CREATE SCHEMA row_security_schema;
SET SESSION search_path = 'row_security_schema';
CREATE EXTENSION orioledb;
CREATE USER regress_rls_alice NOLOGIN;
CREATE USER regress_rls_bob NOLOGIN;
CREATE USER regress_rls_carol NOLOGIN;
CREATE USER regress_rls_dave NOLOGIN;
CREATE USER regress_rls_exempt_user BYPASSRLS NOLOGIN;
CREATE ROLE regress_rls_group1 NOLOGIN;
CREATE ROLE regress_rls_group2 NOLOGIN;
GRANT regress_rls_group1 TO regress_rls_bob;
GRANT regress_rls_group2 TO regress_rls_carol;
CREATE SCHEMA regress_rls_schema;
GRANT ALL ON SCHEMA regress_rls_schema to public;
SET search_path = regress_rls_schema;
CREATE OR REPLACE FUNCTION f_leak(text) RETURNS bool
    COST 0.0000001 LANGUAGE plpgsql
    AS 'BEGIN RAISE NOTICE ''f_leak => %'', $1; RETURN true; END';
GRANT EXECUTE ON FUNCTION f_leak(text) TO public;
SET SESSION AUTHORIZATION regress_rls_alice;
CREATE TABLE uaccount (
    pguser      name primary key,
    seclv       int
) USING orioledb;
GRANT SELECT ON uaccount TO public;
INSERT INTO uaccount VALUES
    ('regress_rls_alice', 99),
    ('regress_rls_bob', 1),
    ('regress_rls_carol', 2),
    ('regress_rls_dave', 3);
CREATE TABLE category (
    cid        int primary key,
    cname      text
) USING orioledb;
GRANT ALL ON category TO public;
INSERT INTO category VALUES
    (11, 'novel'),
    (22, 'science fiction'),
    (33, 'technology'),
    (44, 'manga');
CREATE TABLE document (
    did         int primary key,
    cid         int references category(cid),
    dlevel      int not null,
    dauthor     name,
    dtitle      text
) USING orioledb;
GRANT ALL ON document TO public;
INSERT INTO document VALUES
    ( 1, 11, 1, 'regress_rls_bob', 'my first novel'),
    ( 2, 11, 2, 'regress_rls_bob', 'my second novel'),
    ( 3, 22, 2, 'regress_rls_bob', 'my science fiction'),
    ( 4, 44, 1, 'regress_rls_bob', 'my first manga'),
    ( 5, 44, 2, 'regress_rls_bob', 'my second manga'),
    ( 6, 22, 1, 'regress_rls_carol', 'great science fiction'),
    ( 7, 33, 2, 'regress_rls_carol', 'great technology book'),
    ( 8, 44, 1, 'regress_rls_carol', 'great manga'),
    ( 9, 22, 1, 'regress_rls_dave', 'awesome science fiction'),
    (10, 33, 2, 'regress_rls_dave', 'awesome technology book');
TABLE document;
 did | cid | dlevel |      dauthor      |         dtitle          
-----+-----+--------+-------------------+-------------------------
   1 |  11 |      1 | regress_rls_bob   | my first novel
   2 |  11 |      2 | regress_rls_bob   | my second novel
   3 |  22 |      2 | regress_rls_bob   | my science fiction
   4 |  44 |      1 | regress_rls_bob   | my first manga
   5 |  44 |      2 | regress_rls_bob   | my second manga
   6 |  22 |      1 | regress_rls_carol | great science fiction
   7 |  33 |      2 | regress_rls_carol | great technology book
   8 |  44 |      1 | regress_rls_carol | great manga
   9 |  22 |      1 | regress_rls_dave  | awesome science fiction
  10 |  33 |      2 | regress_rls_dave  | awesome technology book
(10 rows)

ALTER TABLE document ENABLE ROW LEVEL SECURITY;
CREATE POLICY p1 ON document AS PERMISSIVE
    USING (dlevel <= (SELECT seclv FROM uaccount WHERE pguser = current_user));
CREATE POLICY p2r ON document AS RESTRICTIVE TO regress_rls_dave
    USING (cid <> 44 AND cid < 50);
CREATE POLICY p1r ON document AS RESTRICTIVE TO regress_rls_dave
    USING (cid <> 44);
SET SESSION AUTHORIZATION regress_rls_bob;
SET row_security TO ON;
SET SESSION AUTHORIZATION regress_rls_carol;
SET SESSION AUTHORIZATION regress_rls_dave;
INSERT INTO document VALUES (100, 44, 1, 'regress_rls_dave', 'testing sorting of policies'); -- fail
ERROR:  new row violates row-level security policy "p1r" for table "document"
INSERT INTO document VALUES (100, 11, 1, 'regress_rls_dave', 'testing sorting of policies'); -- ok
TABLE document;
 did | cid | dlevel |      dauthor      |           dtitle            
-----+-----+--------+-------------------+-----------------------------
   1 |  11 |      1 | regress_rls_bob   | my first novel
   2 |  11 |      2 | regress_rls_bob   | my second novel
   3 |  22 |      2 | regress_rls_bob   | my science fiction
   6 |  22 |      1 | regress_rls_carol | great science fiction
   7 |  33 |      2 | regress_rls_carol | great technology book
   9 |  22 |      1 | regress_rls_dave  | awesome science fiction
  10 |  33 |      2 | regress_rls_dave  | awesome technology book
 100 |  11 |      1 | regress_rls_dave  | testing sorting of policies
(8 rows)

SET SESSION AUTHORIZATION DEFAULT;
ALTER TABLE document DISABLE ROW LEVEL SECURITY;
SET SESSION AUTHORIZATION regress_rls_dave;
INSERT INTO document VALUES (101, 44, 1, 'regress_rls_dave', 'testing sorting of policies'); -- ok
TABLE document;
 did | cid | dlevel |      dauthor      |           dtitle            
-----+-----+--------+-------------------+-----------------------------
   1 |  11 |      1 | regress_rls_bob   | my first novel
   2 |  11 |      2 | regress_rls_bob   | my second novel
   3 |  22 |      2 | regress_rls_bob   | my science fiction
   4 |  44 |      1 | regress_rls_bob   | my first manga
   5 |  44 |      2 | regress_rls_bob   | my second manga
   6 |  22 |      1 | regress_rls_carol | great science fiction
   7 |  33 |      2 | regress_rls_carol | great technology book
   8 |  44 |      1 | regress_rls_carol | great manga
   9 |  22 |      1 | regress_rls_dave  | awesome science fiction
  10 |  33 |      2 | regress_rls_dave  | awesome technology book
 100 |  11 |      1 | regress_rls_dave  | testing sorting of policies
 101 |  44 |      1 | regress_rls_dave  | testing sorting of policies
(12 rows)

SET SESSION AUTHORIZATION DEFAULT;
ALTER TABLE document ENABLE ROW LEVEL SECURITY;
TABLE document;
 did | cid | dlevel |      dauthor      |           dtitle            
-----+-----+--------+-------------------+-----------------------------
   1 |  11 |      1 | regress_rls_bob   | my first novel
   2 |  11 |      2 | regress_rls_bob   | my second novel
   3 |  22 |      2 | regress_rls_bob   | my science fiction
   4 |  44 |      1 | regress_rls_bob   | my first manga
   5 |  44 |      2 | regress_rls_bob   | my second manga
   6 |  22 |      1 | regress_rls_carol | great science fiction
   7 |  33 |      2 | regress_rls_carol | great technology book
   8 |  44 |      1 | regress_rls_carol | great manga
   9 |  22 |      1 | regress_rls_dave  | awesome science fiction
  10 |  33 |      2 | regress_rls_dave  | awesome technology book
 100 |  11 |      1 | regress_rls_dave  | testing sorting of policies
 101 |  44 |      1 | regress_rls_dave  | testing sorting of policies
(12 rows)

SET SESSION AUTHORIZATION regress_rls_dave;
INSERT INTO document VALUES (100, 44, 1, 'regress_rls_dave', 'testing sorting of policies'); -- fail
ERROR:  new row violates row-level security policy "p1r" for table "document"
TABLE document;
 did | cid | dlevel |      dauthor      |           dtitle            
-----+-----+--------+-------------------+-----------------------------
   1 |  11 |      1 | regress_rls_bob   | my first novel
   2 |  11 |      2 | regress_rls_bob   | my second novel
   3 |  22 |      2 | regress_rls_bob   | my science fiction
   6 |  22 |      1 | regress_rls_carol | great science fiction
   7 |  33 |      2 | regress_rls_carol | great technology book
   9 |  22 |      1 | regress_rls_dave  | awesome science fiction
  10 |  33 |      2 | regress_rls_dave  | awesome technology book
 100 |  11 |      1 | regress_rls_dave  | testing sorting of policies
(8 rows)

SET SESSION AUTHORIZATION DEFAULT;
TABLE document;
 did | cid | dlevel |      dauthor      |           dtitle            
-----+-----+--------+-------------------+-----------------------------
   1 |  11 |      1 | regress_rls_bob   | my first novel
   2 |  11 |      2 | regress_rls_bob   | my second novel
   3 |  22 |      2 | regress_rls_bob   | my science fiction
   4 |  44 |      1 | regress_rls_bob   | my first manga
   5 |  44 |      2 | regress_rls_bob   | my second manga
   6 |  22 |      1 | regress_rls_carol | great science fiction
   7 |  33 |      2 | regress_rls_carol | great technology book
   8 |  44 |      1 | regress_rls_carol | great manga
   9 |  22 |      1 | regress_rls_dave  | awesome science fiction
  10 |  33 |      2 | regress_rls_dave  | awesome technology book
 100 |  11 |      1 | regress_rls_dave  | testing sorting of policies
 101 |  44 |      1 | regress_rls_dave  | testing sorting of policies
(12 rows)

DROP EXTENSION orioledb CASCADE;
NOTICE:  drop cascades to 3 other objects
DETAIL:  drop cascades to table uaccount
drop cascades to table category
drop cascades to table document
DROP SCHEMA row_security_schema CASCADE;
RESET search_path;
