CREATE SCHEMA truncate;
SET SESSION search_path = 'truncate';
CREATE EXTENSION orioledb;
CREATE VIEW o_relnames AS
    SELECT c.relname FROM (
        SELECT reloid, relnode FROM orioledb_table_oids()
        UNION
        SELECT index_reloid, index_relnode FROM orioledb_index_oids()) ot
        JOIN pg_class c ON c.oid = ot.reloid
        WHERE c.relfilenode = ot.relnode
        ORDER BY relname;
CREATE TABLE o_non_transactional_truncate (
  a int UNIQUE,
  b char
) USING orioledb;
BEGIN;
SELECT * FROM o_relnames WHERE relname LIKE 'o_non_transactional_truncate%';
              relname               
------------------------------------
 o_non_transactional_truncate
 o_non_transactional_truncate_a_key
(2 rows)

INSERT INTO o_non_transactional_truncate VALUES (3, 'b');
TRUNCATE o_non_transactional_truncate;
SELECT * FROM o_relnames WHERE relname LIKE 'o_non_transactional_truncate%';
              relname               
------------------------------------
 o_non_transactional_truncate
 o_non_transactional_truncate_a_key
(2 rows)

COMMIT;
BEGIN;
CREATE TABLE o_transactional_truncate (
  a int UNIQUE,
  b char
) USING orioledb;
SELECT * FROM o_relnames WHERE relname LIKE 'o_transactional_truncate%';
            relname             
--------------------------------
 o_transactional_truncate
 o_transactional_truncate_a_key
(2 rows)

INSERT INTO o_transactional_truncate VALUES (3, 'b');
TRUNCATE o_transactional_truncate;
SELECT * FROM o_relnames WHERE relname LIKE 'o_transactional_truncate%';
            relname             
--------------------------------
 o_transactional_truncate
 o_transactional_truncate_a_key
(2 rows)

COMMIT;
CREATE TABLE o_non_transactional_truncate_pkey (
  a int PRIMARY KEY,
  b char UNIQUE
) USING orioledb;
BEGIN;
SELECT * FROM o_relnames WHERE relname LIKE 'o_non_transactional_truncate_pkey%';
                 relname                 
-----------------------------------------
 o_non_transactional_truncate_pkey
 o_non_transactional_truncate_pkey_b_key
 o_non_transactional_truncate_pkey_pkey
(3 rows)

INSERT INTO o_non_transactional_truncate VALUES (3, 'b');
TRUNCATE o_non_transactional_truncate;
SELECT * FROM o_relnames WHERE relname LIKE 'o_non_transactional_truncate_pkey%';
                 relname                 
-----------------------------------------
 o_non_transactional_truncate_pkey
 o_non_transactional_truncate_pkey_b_key
 o_non_transactional_truncate_pkey_pkey
(3 rows)

COMMIT;
BEGIN;
CREATE TABLE o_transactional_truncate_pkey (
  a int PRIMARY KEY,
  b char UNIQUE
) USING orioledb;
SELECT * FROM o_relnames WHERE relname LIKE 'o_transactional_truncate_pkey%';
               relname               
-------------------------------------
 o_transactional_truncate_pkey
 o_transactional_truncate_pkey_b_key
 o_transactional_truncate_pkey_pkey
(3 rows)

INSERT INTO o_transactional_truncate_pkey VALUES (3, 'b');
TRUNCATE o_transactional_truncate_pkey;
SELECT * FROM o_relnames WHERE relname LIKE 'o_transactional_truncate_pkey%';
               relname               
-------------------------------------
 o_transactional_truncate_pkey
 o_transactional_truncate_pkey_b_key
 o_transactional_truncate_pkey_pkey
(3 rows)

COMMIT;
DROP EXTENSION orioledb CASCADE;
NOTICE:  drop cascades to 5 other objects
DETAIL:  drop cascades to table o_non_transactional_truncate
drop cascades to table o_transactional_truncate
drop cascades to table o_non_transactional_truncate_pkey
drop cascades to table o_transactional_truncate_pkey
drop cascades to view o_relnames
DROP SCHEMA truncate CASCADE;
RESET search_path;
